[0.013s][info][gc,init] CardTable entry size: 512
[0.014s][info][gc     ] Using G1
[0.015s][info][gc,init] Version: 22.0.2+9-70 (release)
[0.015s][info][gc,init] CPUs: 8 total, 8 available
[0.015s][info][gc,init] Memory: 8071M
[0.015s][info][gc,init] Large Page Support: Disabled
[0.015s][info][gc,init] NUMA Support: Disabled
[0.016s][info][gc,init] Compressed Oops: Enabled (32-bit)
[0.016s][info][gc,init] Heap Region Size: 1M
[0.016s][info][gc,init] Heap Min Capacity: 8M
[0.016s][info][gc,init] Heap Initial Capacity: 128M
[0.016s][info][gc,init] Heap Max Capacity: 2018M
[0.016s][info][gc,init] Pre-touch: Disabled
[0.016s][info][gc,init] Parallel Workers: 8
[0.016s][info][gc,init] Concurrent Workers: 2
[0.016s][info][gc,init] Concurrent Refinement Workers: 8
[0.016s][info][gc,init] Periodic GC: Disabled
[0.029s][info][gc,metaspace] CDS archive(s) mapped at: [0x0000025c42000000-0x0000025c42c60000-0x0000025c42c60000), size 12976128, SharedBaseAddress: 0x0000025c42000000, ArchiveRelocationMode: 1.
[0.029s][info][gc,metaspace] Compressed class space mapped at: 0x0000025c43000000-0x0000025c83000000, reserved size: 1073741824
[0.029s][info][gc,metaspace] Narrow klass base: 0x0000025c42000000, Narrow klass shift: 0, Narrow klass range: 0x41000000
[0.146s][info][gc,heap,exit] Heap
[0.146s][info][gc,heap,exit]  garbage-first heap   total reserved 2066432K, committed 131072K, used 14336K [0x0000000081e00000, 0x0000000100000000)
[0.146s][info][gc,heap,exit]   region size 1024K, 14 young (14336K), 0 survivors (0K)
[0.146s][info][gc,heap,exit]  Metaspace       used 846K, committed 1024K, reserved 1114112K
[0.146s][info][gc,heap,exit]   class space    used 72K, committed 192K, reserved 1048576K
