[0.012s][info][gc,init] CardTable entry size: 512
[0.012s][info][gc     ] Using Parallel
[0.014s][info][gc,init] Version: 22.0.2+9-70 (release)
[0.014s][info][gc,init] CPUs: 8 total, 8 available
[0.014s][info][gc,init] Memory: 8071M
[0.014s][info][gc,init] Large Page Support: Disabled
[0.014s][info][gc,init] NUMA Support: Disabled
[0.014s][info][gc,init] Compressed Oops: Enabled (32-bit)
[0.014s][info][gc,init] Alignments: Space 512K, Generation 512K, Heap 2M
[0.014s][info][gc,init] Heap Min Capacity: 8M
[0.014s][info][gc,init] Heap Initial Capacity: 128M
[0.014s][info][gc,init] Heap Max Capacity: 2018M
[0.014s][info][gc,init] Pre-touch: Disabled
[0.014s][info][gc,init] Parallel Workers: 8
[0.027s][info][gc,metaspace] CDS archive(s) mapped at: [0x0000022dbe000000-0x0000022dbec60000-0x0000022dbec60000), size 12976128, SharedBaseAddress: 0x0000022dbe000000, ArchiveRelocationMode: 1.
[0.027s][info][gc,metaspace] Compressed class space mapped at: 0x0000022dbf000000-0x0000022dff000000, reserved size: 1073741824
[0.027s][info][gc,metaspace] Narrow klass base: 0x0000022dbe000000, Narrow klass shift: 0, Narrow klass range: 0x41000000
[0.134s][info][gc,heap,exit] Heap
[0.134s][info][gc,heap,exit]  PSYoungGen      total 38400K, used 14644K [0x00000000d5f80000, 0x00000000d8a00000, 0x0000000100000000)
[0.134s][info][gc,heap,exit]   eden space 33280K, 44% used [0x00000000d5f80000,0x00000000d6dcd3e8,0x00000000d8000000)
[0.134s][info][gc,heap,exit]   from space 5120K, 0% used [0x00000000d8500000,0x00000000d8500000,0x00000000d8a00000)
[0.134s][info][gc,heap,exit]   to   space 5120K, 0% used [0x00000000d8000000,0x00000000d8000000,0x00000000d8500000)
[0.134s][info][gc,heap,exit]  ParOldGen       total 87552K, used 0K [0x0000000081e00000, 0x0000000087380000, 0x00000000d5f80000)
[0.134s][info][gc,heap,exit]   object space 87552K, 0% used [0x0000000081e00000,0x0000000081e00000,0x0000000087380000)
[0.134s][info][gc,heap,exit]  Metaspace       used 851K, committed 1024K, reserved 1114112K
[0.134s][info][gc,heap,exit]   class space    used 72K, committed 192K, reserved 1048576K
