[0.013s][info][gc,init] CardTable entry size: 512
[0.013s][info][gc     ] Using Serial
[0.014s][info][gc,init] Version: 22.0.2+9-70 (release)
[0.014s][info][gc,init] CPUs: 8 total, 8 available
[0.014s][info][gc,init] Memory: 8071M
[0.014s][info][gc,init] Large Page Support: Disabled
[0.014s][info][gc,init] NUMA Support: Disabled
[0.014s][info][gc,init] Compressed Oops: Enabled (32-bit)
[0.014s][info][gc,init] Heap Min Capacity: 8M
[0.015s][info][gc,init] Heap Initial Capacity: 128M
[0.015s][info][gc,init] Heap Max Capacity: 2018M
[0.015s][info][gc,init] Pre-touch: Disabled
[0.027s][info][gc,metaspace] CDS archive(s) mapped at: [0x000002b2c5000000-0x000002b2c5c60000-0x000002b2c5c60000), size 12976128, SharedBaseAddress: 0x000002b2c5000000, ArchiveRelocationMode: 1.
[0.027s][info][gc,metaspace] Compressed class space mapped at: 0x000002b2c6000000-0x000002b306000000, reserved size: 1073741824
[0.027s][info][gc,metaspace] Narrow klass base: 0x000002b2c5000000, Narrow klass shift: 0, Narrow klass range: 0x41000000
[0.133s][info][gc,heap,exit] Heap
[0.133s][info][gc,heap,exit]  def new generation   total 39296K, used 18172K [0x0000000081e00000, 0x00000000848a0000, 0x00000000abea0000)
[0.133s][info][gc,heap,exit]   eden space 34944K,  52% used [0x0000000081e00000, 0x0000000082fbf308, 0x0000000084020000)
[0.134s][info][gc,heap,exit]   from space 4352K,   0% used [0x0000000084020000, 0x0000000084020000, 0x0000000084460000)
[0.134s][info][gc,heap,exit]   to   space 4352K,   0% used [0x0000000084460000, 0x0000000084460000, 0x00000000848a0000)
[0.134s][info][gc,heap,exit]  tenured generation   total 87424K, used 0K [0x00000000abea0000, 0x00000000b1400000, 0x0000000100000000)
[0.134s][info][gc,heap,exit]    the space 87424K,   0% used [0x00000000abea0000, 0x00000000abea0000, 0x00000000b1400000)
[0.134s][info][gc,heap,exit]  Metaspace       used 846K, committed 1024K, reserved 1114112K
[0.134s][info][gc,heap,exit]   class space    used 72K, committed 192K, reserved 1048576K
