[0.014s][info][gc,init] Initializing The Z Garbage Collector
[0.014s][info][gc,init] Version: 22.0.2+9-70 (release)
[0.014s][info][gc,init] Using legacy single-generation mode
[0.014s][info][gc,init] NUMA Support: Disabled
[0.014s][info][gc,init] CPUs: 8 total, 8 available
[0.015s][info][gc,init] Memory: 8071M
[0.015s][info][gc,init] Large Page Support: Disabled
[0.016s][info][gc,init] GC Workers: 2 (dynamic)
[0.017s][info][gc,init] Address Space Type: Contiguous/Unrestricted/Complete
[0.017s][info][gc,init] Address Space Size: 32288M x 3 = 96864M
[0.017s][info][gc,init] Min Capacity: 8M
[0.017s][info][gc,init] Initial Capacity: 128M
[0.017s][info][gc,init] Max Capacity: 2018M
[0.017s][info][gc,init] Medium Page Size: 32M
[0.017s][info][gc,init] Pre-touch: Disabled
[0.017s][info][gc,init] Uncommit: Enabled
[0.017s][info][gc,init] Uncommit Delay: 300s
[0.024s][info][gc,init] Runtime Workers: 5
[0.025s][info][gc     ] Using The Z Garbage Collector
[0.046s][info][gc,metaspace] CDS archive(s) mapped at: [0x0000023e0f000000-0x0000023e0fc60000-0x0000023e0fc60000), size 12976128, SharedBaseAddress: 0x0000023e0f000000, ArchiveRelocationMode: 1.
[0.046s][info][gc,metaspace] Compressed class space mapped at: 0x0000023e10000000-0x0000023e50000000, reserved size: 1073741824
[0.046s][info][gc,metaspace] Narrow klass base: 0x0000023e0f000000, Narrow klass shift: 0, Narrow klass range: 0x41000000
[0.159s][info][gc,heap,exit] Heap
[0.159s][info][gc,heap,exit]  ZHeap           used 22M, capacity 128M, max capacity 2018M
[0.159s][info][gc,heap,exit]  Metaspace       used 845K, committed 1024K, reserved 1114112K
[0.159s][info][gc,heap,exit]   class space    used 73K, committed 192K, reserved 1048576K
